[www.google.com/maps/about/index.html]
[backblue.gif]
[fade.gif]
[index.html]
[www.google.com/maps/about/static/js/detect.min4cab.js]
[www.google.com/maps/about/static/js/index.min04f3.js]
[www.google.com/maps/about/images/icons/maps_512dp.png]
[www.google.com/maps/about/images/icons/maps_32dp.png]
[www.google.com/maps/about/images/icons/maps_16dp.png]
[storage.googleapis.com/gweb-uniblog-publish-prod/images/Crop_for_web_GI_986952216.max-600x600.jpg]
[storage.googleapis.com/gweb-uniblog-publish-prod/images/ancient-arch-architecture-2087391.max-600x600.jpg]
[storage.googleapis.com/gweb-uniblog-publish-prod/images/image1_UMNldss.max-600x600.jpg]
[ajax.googleapis.com/ajax/libs/angularjs/1.6.6/angular.min.js]
[ajax.googleapis.com/ajax/libs/angularjs/1.6.6/angular-animate.min.js]
[ajax.googleapis.com/ajax/libs/angularjs/1.6.6/angular-touch.min.js]
[www.google-analytics.com/analytics.js]
[www.google.com/maps/about/index.html]
[www.google.com/maps/about/static/css/index.min2c5c.css]
[www.googletagmanager.com/gtm5445.html]
